// Jest Snapshot v1, https://goo.gl/fbAQLP

exports[`Generator should render 1`] = `
<div
  className="ui container"
>
  <form
    className="ui form"
    onSubmit={[Function]}
  >
    <div>
      Size of data set:
      <br />
      <small>
        This is the amount of random items to be selected from the database for the knapsack algorithm
      </small>
      <br />
      <div
        className="ui large right labeled input"
      >
        <input
          onChange={[Function]}
          placeholder="Enter desired data set size"
          type="number"
          value={20}
        />
        <div
          className="ui basic label label"
          onClick={[Function]}
        >
          videos
        </div>
      </div>
    </div>
    <div>
      Length of playlist:
      <br />
      <div
        className="ui large right labeled input"
      >
        <input
          onChange={[Function]}
          placeholder="Enter desired playlist length"
          type="number"
          value={3600}
        />
        <div
          className="ui basic label label"
          onClick={[Function]}
        >
          seconds
        </div>
      </div>
    </div>
    <button
      type="submit"
    >
      Submit
    </button>
  </form>
</div>
`;
