// Jest Snapshot v1, https://goo.gl/fbAQLP

exports[`PlaylistItem should render 1`] = `
<a
  className="item"
  onClick={[Function]}
>
  <div
    className="image"
  >
    <img
      src="https://i.ytimg.com/vi/1/hqdefault.jpg"
    />
  </div>
  <div
    className="content"
  >
    <div
      className="header"
    >
      test
    </div>
    <div
      className="meta"
    >
      1 minute
       
      
    </div>
  </div>
</a>
`;
